// Jest Snapshot v1, https://goo.gl/fbAQLP

exports[`App component renders App 1`] = `
<Fragment>
  <h1>
    Meme-orizer
  </h1>
  <MemeInput
    footer=""
    handleChange={[Function]}
    header=""
    imgURL=""
  />
  <MemeDisplay
    footer=""
    header=""
    imgURL=""
  />
</Fragment>
`;
